{"skeleton":{"hash":"K7eqOFE5OSCX9qCs7NdSyBWa7eM","spine":"3.7.19-beta","width":1920,"height":1080,"images":"../spine/","audio":""},"bones":[{"name":"root"},{"name":"body","parent":"root","length":29.6,"rotation":90,"x":147,"y":-138.5},{"name":"bubble 1","parent":"root","length":43.1,"rotation":91.4,"x":245.46,"y":-171.74},{"name":"bubble 2","parent":"root","length":43.1,"rotation":91.4,"x":64.68,"y":-140.21},{"name":"bubble 3","parent":"root","length":43.1,"rotation":91.4,"x":223.39,"y":-125.5,"scaleX":0.408,"scaleY":-0.408},{"name":"bubble 4","parent":"root","length":43.1,"rotation":91.4,"x":84.65,"y":-194.87,"scaleX":0.408,"scaleY":-0.408},{"name":"bubble 5","parent":"root","length":43.1,"rotation":91.4,"x":266.48,"y":-149.67,"scaleX":0.258,"scaleY":-0.258},{"name":"mist","parent":"root","length":45.19,"rotation":90,"x":147.85,"y":-142.55},{"name":"spark","parent":"body","length":33.65},{"name":"spark2","parent":"body","length":33.65,"x":56.75,"y":23.12,"scaleX":0.606,"scaleY":0.606}],"slots":[{"name":"bg","bone":"root"},{"name":"fx_mist","bone":"mist","attachment":"fx_mist","blend":"additive"},{"name":"horse","bone":"body","attachment":"sym"},{"name":"fx_spark_yellow","bone":"spark","attachment":"fx_spark_yellow","blend":"additive"},{"name":"fx_spark_yellow2","bone":"spark2","attachment":"fx_spark_yellow","blend":"additive"},{"name":"fx_bubble_one","bone":"bubble 1","color":"27a39aff","attachment":"fx_bubble_one","blend":"additive"},{"name":"fx_bubble_one3","bone":"bubble 3","color":"27a39aff","attachment":"fx_bubble_one","blend":"additive"},{"name":"fx_bubble_one5","bone":"bubble 5","color":"27a39aff","attachment":"fx_bubble_one","blend":"additive"},{"name":"fx_bubble_one4","bone":"bubble 4","color":"27a39aff","attachment":"fx_bubble_one","blend":"additive"},{"name":"fx_bubble_one2","bone":"bubble 2","color":"27a39aff","attachment":"fx_bubble_one","blend":"additive"}],"skins":{"default":{"fx_bubble_one":{"fx_bubble_one":{"x":-1.05,"y":0.03,"rotation":-91.4,"width":74,"height":73}},"fx_bubble_one2":{"fx_bubble_one":{"x":-1.05,"y":0.03,"rotation":-91.4,"width":74,"height":73}},"fx_bubble_one3":{"fx_bubble_one":{"x":-1.05,"y":0.03,"rotation":-91.4,"width":74,"height":73}},"fx_bubble_one4":{"fx_bubble_one":{"x":-1.05,"y":0.03,"rotation":-91.4,"width":74,"height":73}},"fx_bubble_one5":{"fx_bubble_one":{"x":-1.05,"y":0.03,"rotation":-91.4,"width":74,"height":73}},"fx_mist":{"fx_mist":{"x":1.05,"y":-3.15,"scaleX":0.719,"scaleY":0.719,"rotation":-90,"width":364,"height":391}},"fx_spark_yellow":{"fx_spark_yellow":{"width":171,"height":170}},"fx_spark_yellow2":{"fx_spark_yellow":{"width":171,"height":170}}},"crab":{"horse":{"sym":{"name":"crab","rotation":-90,"width":294,"height":277}}},"fishes":{"horse":{"sym":{"name":"fish","rotation":-90,"width":294,"height":277}}},"horse":{"horse":{"sym":{"name":"horse","rotation":-90,"width":294,"height":277}}}},"animations":{"win":{"slots":{"fx_bubble_one":{"color":[{"time":0,"color":"26a39900","curve":"stepped"},{"time":0.1667,"color":"26a39900"},{"time":0.7333,"color":"25a399ff"},{"time":1.3333,"color":"26a39900"}]},"fx_bubble_one2":{"color":[{"time":0,"color":"26a39900"},{"time":0.5667,"color":"25a399ff"},{"time":1.1667,"color":"26a39900"}]},"fx_bubble_one3":{"color":[{"time":0,"color":"26a39900"},{"time":0.5667,"color":"25a399ff"},{"time":1.1667,"color":"26a39900"}]},"fx_bubble_one4":{"color":[{"time":0,"color":"26a39900","curve":"stepped"},{"time":0.1667,"color":"26a39900"},{"time":0.7333,"color":"25a399ff"},{"time":1.3333,"color":"26a39900"}]},"fx_bubble_one5":{"color":[{"time":0,"color":"26a39900","curve":"stepped"},{"time":0.5667,"color":"26a39900"},{"time":1.1333,"color":"25a399ff"},{"time":1.7333,"color":"26a39900"}]},"fx_mist":{"color":[{"time":0,"color":"ffffff00"},{"time":0.9,"color":"ffffffff"},{"time":1.8,"color":"ffffff00"}]},"fx_spark_yellow":{"color":[{"time":0,"color":"ffffff00"},{"time":0.6667,"color":"ffffffff"},{"time":1.3333,"color":"ffffff00"}]},"fx_spark_yellow2":{"color":[{"time":0,"color":"ffffff00","curve":"stepped"},{"time":0.8333,"color":"ffffff00"},{"time":1.3333,"color":"ffffffff"},{"time":1.8,"color":"ffffff00"}]}},"bones":{"body":{"rotate":[{"time":0,"angle":0},{"time":0.8333,"angle":1.22},{"time":1.8,"angle":0}],"translate":[{"time":0,"x":0,"y":0},{"time":0.3333,"x":0,"y":-11.56},{"time":1.0667,"x":0,"y":5.78},{"time":1.8,"x":0,"y":0}]},"spark":{"rotate":[{"time":0,"angle":0},{"time":1.3333,"angle":-48.66}]},"spark2":{"rotate":[{"time":0.8333,"angle":0},{"time":1.8,"angle":-48.66}]},"bubble 1":{"rotate":[{"time":0.1667,"angle":0},{"time":1.3333,"angle":-32.81}],"translate":[{"time":0.1667,"x":0,"y":0},{"time":1.3333,"x":-10.51,"y":97.74}],"scale":[{"time":0,"x":0.632,"y":0.632,"curve":"stepped"},{"time":0.1667,"x":0.632,"y":0.632},{"time":1.3333,"x":1,"y":1}]},"bubble 2":{"rotate":[{"time":0,"angle":0},{"time":1.1667,"angle":42.06}],"translate":[{"time":0,"x":0,"y":0},{"time":1.1667,"x":-10.51,"y":97.74}],"scale":[{"time":0,"x":0.632,"y":0.632},{"time":1.1667,"x":1,"y":1}]},"bubble 3":{"rotate":[{"time":0,"angle":0},{"time":1.1667,"angle":-32.81}],"translate":[{"time":0,"x":0,"y":0},{"time":1.1667,"x":-10.51,"y":97.74}],"scale":[{"time":0,"x":0.632,"y":0.632},{"time":1.1667,"x":1,"y":1}]},"bubble 4":{"rotate":[{"time":0.1667,"angle":0},{"time":1.3333,"angle":-32.81}],"translate":[{"time":0.1667,"x":0,"y":0},{"time":1.3333,"x":-10.51,"y":97.74}],"scale":[{"time":0,"x":0.632,"y":0.632,"curve":"stepped"},{"time":0.1667,"x":0.632,"y":0.632},{"time":1.3333,"x":1,"y":1}]},"bubble 5":{"rotate":[{"time":0.5667,"angle":0},{"time":1.7333,"angle":-32.81}],"translate":[{"time":0,"x":0,"y":0},{"time":0.5667,"x":-7.36,"y":-32.58},{"time":1.7333,"x":-10.51,"y":97.74}],"scale":[{"time":0,"x":0.632,"y":0.632,"curve":"stepped"},{"time":0.5667,"x":0.632,"y":0.632},{"time":1.7333,"x":1,"y":1}]},"mist":{"rotate":[{"time":0,"angle":0},{"time":1.8,"angle":-10.16}],"scale":[{"time":0,"x":0.842,"y":0.842},{"time":1.8,"x":0.996,"y":0.996}]}}}}}